INFO: Classes for registry class minetweaker.mods.ic2.ClassRegistry not found, skipping
INFO: Loaded class registry: NEI mod support
INFO: Loaded class registry: MFR mod support
INFO: MineTweaker: Building registry
INFO: MineTweaker: Sucessfully built item registry
INFO: Adding command minetweaker
INFO: Adding minetweaker command tooltips
INFO: 
INFO: Adding minetweaker command mfr
INFO: Removing 1 recipes
INFO: Removing 1 recipes
INFO: Removing 1 recipes
INFO: Removing 2 recipes
INFO: Removing 1 recipes
INFO: Removing 1 recipes
INFO: Removing 2 recipes
INFO: Removing 2 recipes
INFO: Adding recipe for Unstable Ingot
INFO: Adding recipe for Angel Ring
INFO: Adding recipe for Angel Ring
INFO: Adding recipe for Angel Ring
INFO: Adding recipe for Angel Ring
INFO: Adding recipe for Angel Ring
INFO: Adding recipe for Rainbow Block
INFO: Adding recipe for Magical Wood
INFO: Adding recipe for Invasion Debug Block
INFO: Adding recipe for Invasion Source Block
INFO: Adding recipe for King Armor
INFO: Adding recipe for King Armor
INFO: Adding recipe for Rainbow Ingot
INFO: Adding recipe for Angel Ring
INFO: Adding recipe for Fast Wings
INFO: Adding recipe for tile.anvil_breaker.name
INFO: Adding recipe for tile.anvil_breaker.name
INFO: Adding recipe for tile.anvil_breaker.name
INFO: Adding recipe for Angel Ring
INFO: Adding recipe for Kikoku
INFO: Adding recipe for Particle Glove
INFO: [ModTweaker2] Adding 1 QED Recipe(s) for net.minecraftforge.oredict.ShapedOreRecipe@348122d
INFO: [ModTweaker2] Adding 1 QED Recipe(s) for net.minecraftforge.oredict.ShapedOreRecipe@693ea904
INFO: 
INFO: 
